// Jest Snapshot v1, https://goo.gl/fbAQLP

exports[`returns correct component 1`] = `
<div
  className="sc-bdVaJa gyiZyl"
>
  Test
</div>
`;
